case_001 2 0 116868 1.95
case_001 3 0 78545 2.13
case_001 4 0 58984 2.11
case_001 5 0 47502 2.1
case_002 2 0 124255 6.83
case_002 3 0 83772 6.97
case_002 4 0 67434 8.33
case_002 5 0 53115 8.32
case_003 2 0 317215 78.45
case_003 3 0 217704 81.26
case_003 4 0 180280 77.3
case_004 2 0 196032 2.98
case_003 5 0 157729 79.13
case_004 3 0 131412 3.44
case_004 4 0 101428 4.45
case_004 5 0 85236 3.58
case_005 2 0 52094 14.17
case_005 3 0 39847 15.11
case_005 4 0 34791 14.89
case_006 2 0 40084 3.78
case_006 3 0 31153 2.28
case_006 4 0 24586 4.56
case_006 5 0 29796 4.09
case_005 5 0 34791 18.93
case_007 2 0 490814 20.96
case_007 3 0 326994 23.0
case_007 4 0 246058 23.96
case_008 2 0 136244 4.79
case_008 3 0 110229 5.62
case_008 4 0 104264 5.78
case_008 5 0 97488 5.34
case_007 5 0 197052 22.82
case_009 2 0 88429 28.7
case_009 3 0 73295 33.65
case_009 4 0 61181 34.22
case_010 2 0 43997 2.72
case_010 3 0 30856 2.12
case_010 4 0 25173 3.67
case_010 5 0 22139 4.74
case_011 2 0 92646 2.18
case_011 3 0 67190 3.84
case_011 4 0 46880 2.79
case_011 5 0 46880 4.55
case_012 2 0 29386 3.15
case_012 3 0 21451 3.86
case_009 5 0 60829 43.24
case_012 4 0 17109 3.58
case_012 5 0 14300 3.84
case_013 2 0 132198 6.53
case_013 3 0 88351 7.43
case_013 4 0 66982 7.57
case_013 5 0 54363 7.72
case_014 2 0 8869538 202.23
case_014 3 0 5948032 209.69
case_014 4 0 4511385 217.23
case_015 2 0 92301 3.87
case_015 3 0 60807 3.62
case_015 4 0 53283 4.96
case_015 5 0 43373 3.66
case_016 2 0 4033396 165.98
case_016 3 0 2876681 141.48
case_016 4 0 2241799 140.1
case_016 5 0 2393034 134.23
case_017 2 0 81968 6.75
case_017 3 0 57169 8.36
case_017 4 0 42150 6.67
case_017 5 0 35470 5.51
case_018 2 0 500869 10.18
case_014 5 0 3648527 220.44
case_018 3 0 338272 12.01
case_018 4 0 258133 12.56
case_019 2 0 37659 1.88
case_019 3 0 29121 1.93
case_019 4 0 24099 2.08
case_019 5 0 22891 3.11
case_018 5 0 203865 12.85
case_020 2 0 266580 30.68
case_020 3 0 177950 30.81
case_020 4 0 133704 30.25
case_020 5 0 107650 32.62
case_021 2 0 3194570 16.39
case_021 3 0 2144024 18.98
case_021 4 0 1550324 17.21
case_022 2 0 28228 4.54
case_022 3 0 19128 4.3
case_022 4 0 14654 4.64
case_021 5 0 1250168 20.16
case_022 5 0 11685 6.64
case_023 2 0 53324 3.24
case_023 3 0 41456 4.25
case_023 4 0 31519 3.4
case_024 2 0 1336312 32.26
case_024 3 0 953369 28.31
case_024 4 0 743623 28.07
case_024 5 0 795102 27.14
case_023 5 0 25191 3.65
case_025 3 0 1622164 162.1
case_025 2 0 2431840 170.83
case_025 5 0 975282 144.61
case_026 2 0 56363 2.31
case_026 3 0 41655 2.11
case_026 4 0 42226 2.25
case_026 5 0 44114 2.4
case_027 2 0 1120962 5.89
case_025 4 0 1217444 156.79
case_027 3 0 837049 7.03
case_027 4 0 559196 6.52
case_027 5 0 558753 6.72
case_028 3 0 13639299 143.34
case_028 2 0 20588672 169.07
case_028 4 0 10364241 138.9
case_029 2 0 19504 2.98
case_029 3 0 12743 2.96
case_029 4 0 11028 2.93
case_029 5 0 9383 3.1
case_030 2 0 1400843 49.27
case_030 3 0 932106 72.91
case_030 4 0 698001 51.15
case_028 5 0 8264697 157.06
case_031 2 0 717338 35.23
case_030 5 0 560435 73.22
case_031 3 0 485053 29.35
case_031 4 0 373081 36.62
case_032 2 0 20568 3.51
case_032 3 0 14396 4.34
case_032 4 0 13016 3.62
case_032 5 0 10415 2.68
case_031 5 0 294518 31.75
case_033 2 0 897134 13.89
case_033 3 0 594691 19.21
case_033 4 0 448871 15.95
case_033 5 0 361345 17.07
case_034 2 0 418129 14.64
case_034 3 0 282277 20.22
case_034 4 0 213112 17.7
case_035 2 0 95406 12.75
case_034 5 0 177825 23.56
case_035 3 0 92120 16.24
case_035 4 0 69097 21.64
case_035 5 0 57788 21.73
case_036 2 0 466068 10.05
case_036 3 0 311345 10.39
case_036 4 0 233584 10.27
case_037 2 0 105374 2.29
case_037 3 0 73471 3.51
case_037 4 0 53320 2.78
case_036 5 0 187182 10.41
case_037 5 0 43800 3.14
case_038 2 0 683145 31.41
case_038 3 0 454557 30.85
case_038 5 0 280919 33.47
case_038 4 0 340987 36.84
case_039 2 0 708561 25.19
case_039 3 0 476844 32.42
case_039 4 0 367778 35.27
case_039 5 0 395323 36.53
case_040 2 0 137167 11.88
case_040 3 0 110105 11.37
case_040 4 0 110202 12.6
case_040 5 0 110337 13.75
case_041 2 0 2990754 127.57
case_041 3 0 1998121 121.16
case_041 4 0 1501288 108.42
case_042 2 0 849537 22.48
case_042 3 0 567781 25.89
case_041 5 0 1206232 157.14
case_042 4 0 439506 30.94
case_042 5 0 362243 31.08
case_043 2 0 351138 49.84
case_043 3 0 265496 56.36
case_043 5 0 187265 62.85
case_043 4 0 219116 77.99
case_044 2 0 43931 4.55
case_044 3 0 47127 5.87
case_044 4 0 47127 7.75
case_045 2 0 63059 5.26
case_044 5 0 47127 10.05
case_045 3 0 42601 5.86
case_045 4 0 31878 5.25
case_046 2 0 106042 4.44
case_045 5 0 26164 5.7
case_046 4 0 78210 3.67
case_046 3 0 80028 4.43
case_046 5 0 80002 4.64
case_047 2 0 175634 80.66
case_047 3 0 126977 77.86
case_047 4 0 103886 87.7
case_048 2 0 132789 6.64
case_047 5 0 94201 93.86
case_048 3 0 94684 7.71
case_048 4 0 94456 8.18
case_048 5 0 93690 8.55
case_049 2 0 128395 16.55
case_049 3 0 108112 18.97
case_049 4 0 93574 23.6
case_049 5 0 85787 25.67
case_050 2 0 74716 19.18
case_050 3 0 57230 26.27
case_050 4 0 43856 19.33
case_051 2 0 318295 5.25
case_051 3 0 227413 4.67
case_051 4 0 178135 4.87
case_051 5 0 191961 4.74
case_052 2 0 84863 3.76
case_050 5 0 42085 24.92
case_052 3 0 60514 4.05
case_052 4 0 47721 3.98
case_052 5 0 46668 5.61
case_053 2 0 705228 78.37
case_053 3 0 494404 83.47
case_053 4 0 426732 76.64
case_053 5 0 389769 72.99
case_054 3 0 295182 99.16
case_054 2 0 419294 111.99
case_054 4 0 231708 98.62
case_055 2 0 59521 3.99
case_054 5 0 202096 96.87
case_055 3 0 43687 4.19
case_055 4 0 31367 4.44
case_055 5 0 26781 4.58
case_056 2 0 153175 40.36
case_056 3 0 102094 39.56
case_056 5 0 96721 43.04
case_056 4 0 110353 49.67
case_057 2 0 31972 3.95
case_057 3 0 22930 3.8
case_057 4 0 20258 3.82
case_057 5 0 16538 3.15
case_058 3 0 1531742 108.57
case_058 2 0 2270881 112.8
case_058 5 0 941646 104.77
case_058 4 0 1154519 113.11
case_059 2 0 369318 10.97
case_059 3 0 261372 13.31
case_059 4 0 185216 12.06
case_059 5 0 150782 13.0
case_060 2 0 456945 27.25
case_060 3 0 323410 31.85
case_060 4 0 229363 25.95
case_061 2 0 39298 3.86
case_061 3 0 28409 3.6
case_061 4 0 27166 3.87
case_060 5 0 183263 24.23
case_061 5 0 20949 4.22
case_062 2 0 1430904 192.77
case_062 3 0 955129 202.51
case_062 4 0 717090 186.56
case_062 5 0 567755 190.72
case_063 2 0 536956 49.71
case_063 3 0 351019 46.62
case_063 4 0 263646 57.94
case_064 2 0 13795 3.16
case_064 3 0 10681 3.71
case_063 5 0 212149 54.8
case_064 4 0 10465 4.15
case_065 2 0 26928 1.99
case_064 5 0 10292 4.58
case_065 3 0 18165 2.35
case_065 4 0 14398 3.44
case_065 5 0 12156 2.71
case_066 3 0 138900 26.8
case_066 2 0 185994 29.87
case_066 4 0 112071 28.28
case_066 5 0 94904 27.78
case_067 2 0 30500185 58.29
case_067 3 0 20336499 68.5
case_067 4 0 15271913 58.85
case_068 2 0 191768 25.36
case_067 5 0 12370533 76.44
case_068 3 0 134975 23.76
case_068 4 0 122595 25.54
case_069 2 0 13405 2.57
case_069 3 0 10867 2.74
case_069 4 0 9592 3.0
case_069 5 0 9754 3.98
case_070 2 0 58525 3.22
case_070 3 0 45661 3.8
case_070 4 0 36336 4.09
case_068 5 0 119696 31.26
case_071 2 0 10171 2.15
case_070 5 0 26584 4.37
case_071 3 0 9075 1.98
case_071 4 0 8514 2.08
case_071 5 0 8641 3.67
case_072 3 0 7926170 204.19
case_072 2 0 11833111 217.8
case_072 4 0 5972781 206.73
case_072 5 0 4820122 200.13
case_073 2 0 4145668 27.25
case_073 3 0 2857238 27.51
case_073 4 0 2225808 35.6
case_073 5 0 1849686 37.62
case_074 2 0 822510 16.21
case_074 3 0 553814 18.06
case_074 4 0 423088 19.0
case_074 5 0 347042 18.26
case_075 2 0 736839 34.63
case_075 3 0 555174 36.49
case_075 4 0 398037 35.98
case_075 5 0 364184 43.38
case_076 2 0 3069464 207.96
case_076 3 0 2061609 199.89
case_076 4 0 1550155 204.04
case_076 5 0 1238120 202.63
case_077 2 0 250708 19.2
case_077 3 0 178621 18.75
case_077 4 0 144734 18.78
case_078 2 0 1024634 3.22
case_078 3 0 759650 3.64
case_077 5 0 121081 19.49
case_078 4 0 520320 3.75
case_078 5 0 527826 4.84
case_079 2 0 15426091 145.9
case_079 3 0 10174273 155.09
case_079 4 0 7627660 135.76
case_080 2 0 145926 4.14
case_080 3 0 100098 6.07
case_080 4 0 92659 8.74
case_080 5 0 100325 7.97
case_079 5 0 6075976 157.45
case_081 2 0 76860 14.9
case_081 3 0 51943 14.37
case_081 4 0 39588 14.45
case_081 5 0 30943 14.36
case_082 2 0 364546 14.03
case_082 3 0 247965 14.87
case_082 4 0 200407 15.1
case_082 5 0 185479 16.57
case_083 2 0 412089 18.93
case_083 3 0 284785 18.17
case_083 4 0 211087 21.34
case_083 5 0 183487 18.58
case_084 2 0 686924 75.26
case_084 3 0 458172 85.16
case_084 4 0 384788 73.75
case_084 5 0 375094 75.76
case_085 2 0 1660638 139.3
case_085 3 0 1126371 133.54
case_085 4 0 835931 125.87
case_086 2 0 62533 18.89
case_085 5 0 744164 146.38
case_086 3 0 47689 20.03
case_086 4 0 35706 19.9
case_086 5 0 37360 29.89
case_087 2 0 1985234 199.23
case_087 3 0 1358472 186.71
case_087 4 0 1025060 186.87
case_087 5 0 885740 191.54
case_088 2 0 135849 11.71
case_088 3 0 96111 13.02
case_088 4 0 87538 13.57
case_088 5 0 84993 17.15
case_089 2 0 295856 21.14
case_089 3 0 234570 26.88
case_089 4 0 148856 21.21
case_090 2 0 469913 6.21
case_090 3 0 331451 6.98
case_090 4 0 294508 6.47
case_089 5 0 120170 21.26
case_090 5 0 283224 7.67
case_091 2 0 4578985 198.38
case_091 3 0 3070809 195.11
case_091 5 0 1874503 189.64
case_091 4 0 2311660 199.31
case_092 2 0 2016618 132.0
case_092 3 0 1350406 180.82
case_092 4 0 994547 166.68
case_093 2 0 37827 1.58
case_093 3 0 25103 1.8
case_093 4 0 19779 1.79
case_093 5 0 15876 1.94
case_094 2 0 45604 2.5
case_094 3 0 36263 3.67
case_094 4 0 30709 2.25
case_094 5 0 25370 2.4
case_092 5 0 798228 144.47
case_095 2 0 573788 26.16
case_095 3 0 474501 28.84
case_095 4 0 468207 26.37
case_096 2 0 46054 4.04
case_096 3 0 33662 3.53
case_096 4 0 26984 3.71
case_095 5 0 420852 21.07
case_096 5 0 26984 4.89
case_097 2 0 5569334 38.78
case_097 3 0 3660459 43.05
case_097 4 0 2626303 38.01
case_098 2 0 89756 3.16
case_098 3 0 79326 4.47
case_097 5 0 2102348 45.48
case_098 4 0 60423 7.87
case_098 5 0 69570 4.8
case_099 2 0 810994 31.54
case_099 3 0 539528 35.88
case_099 4 0 406807 32.57
case_100 2 0 81499 5.93
case_100 3 0 57811 4.51
case_099 5 0 337091 41.8
case_100 4 0 49225 8.38
case_100 5 0 46722 8.18
