case_001 5 0
case_002 5 0
case_004 5 0
case_005 5 0
case_006 5 0
case_003 5 0
case_007 5 0
case_008 5 0
case_010 5 0
case_011 5 0
case_009 5 0
case_012 5 0
case_013 5 0
case_015 5 0
case_016 5 0
case_017 5 0
case_018 5 0
case_019 5 0
case_014 5 0
case_020 5 0
case_022 5 0
case_021 5 0
case_023 5 0
case_024 5 0
case_026 5 0
case_027 5 0
case_025 5 0
case_029 5 0
case_028 5 0
case_030 5 0
case_032 5 0
case_031 5 0
case_033 5 0
case_034 5 0
case_035 5 0
case_036 5 0
case_037 5 0
case_039 5 0
case_038 5 0
case_040 5 0
case_042 5 0
case_041 5 0
case_044 5 0
case_043 5 0
case_046 5 0
case_045 5 0
case_048 5 0
case_049 5 0
case_047 5 0
case_050 5 0
case_051 5 0
case_052 5 0
case_053 5 0
case_055 5 0
case_054 5 0
case_057 5 0
case_056 5 0
case_059 5 0
case_060 5 0
case_058 5 0
case_061 5 0
case_063 5 0
case_064 5 0
case_065 5 0
case_062 5 0
case_066 5 0
case_067 5 0
case_068 5 0
case_069 5 0
case_070 5 0
case_071 5 0
case_073 5 0
case_074 5 0
case_075 5 0
case_072 5 0
case_077 5 0
case_078 5 0
case_076 5 0
case_080 5 0
case_079 5 0
case_081 5 0
case_082 5 0
case_083 5 0
case_084 5 0
case_086 5 0
case_085 5 0
case_088 5 0
case_089 5 0
case_090 5 0
case_087 5 0
case_092 5 0
case_093 5 0
case_094 5 0
case_091 5 0
case_096 5 0
case_095 5 0
case_098 5 0
case_097 5 0
case_099 5 0
case_100 5 0
