case_002 singlecore 1 ok 261945 0.631
case_002 q1 2 ok 261945 0.621
case_002 q1 3 ok 261945 0.632
case_002 q1 4 ok 261945 0.625
case_002 q1 5 ok 261945 0.633
case_002 q2 1 ok 261945 0.239
case_002 q2 2 ok 261945 0.245
case_002 q2 3 ok 261945 0.253
case_002 q2 4 ok 261945 0.254
case_002 q2 5 ok 261945 0.259
case_002 q3 1 ok 261945 0.277
case_002 q3 2 ok 261945 0.291
case_002 q3 3 ok 261945 0.279
case_002 q3 4 ok 261945 0.264
case_002 q3 5 ok 261945 0.281
case_003 singlecore 1 ok 602212 26.058
case_003 q1 2 ok 538381 25.325
case_003 q1 3 ok 538764 25.358
case_003 q1 4 ok 539155 24.895
case_003 q1 5 ok 539607 24.947
case_003 q2 1 ok 602212 3.936
case_003 q2 2 ok 538381 3.803
case_003 q2 3 ok 538764 3.805
case_003 q2 4 ok 539155 3.835
case_003 q2 5 ok 539607 3.871
case_003 q3 1 ok 602212 3.9
case_003 q3 2 ok 538381 3.814
case_003 q3 3 ok 538764 3.818
case_003 q3 4 ok 539155 3.904
case_003 q3 5 ok 539607 3.851
case_004 singlecore 1 ok 392357 0.168
case_004 q1 2 ok 199074 0.129
case_004 q1 3 ok 134043 0.122
case_004 q1 4 ok 104188 0.107
case_004 q1 5 ok 88341 0.103
case_004 q2 1 ok 392357 0.099
case_004 q2 2 ok 199074 0.09
case_004 q2 3 ok 134043 0.091
case_004 q2 4 ok 104188 0.089
case_004 q2 5 ok 88341 0.089
case_004 q3 1 ok 392357 0.114
case_004 q3 2 ok 199074 0.095
case_004 q3 3 ok 134043 0.097
case_004 q3 4 ok 104188 0.103
case_004 q3 5 ok 88341 0.097
case_005 singlecore 1 ok 95618 2.344
case_005 q1 2 ok 95618 2.378
case_005 q1 3 ok 95618 2.416
case_005 q1 4 ok 95618 2.505
case_005 q1 5 ok 95618 2.413
case_005 q2 1 ok 95618 0.586
case_005 q2 2 ok 95618 0.591
case_005 q2 3 ok 95618 0.61
case_005 q2 4 ok 95618 0.678
case_005 q2 5 ok 95618 0.665
case_005 q3 1 ok 95618 0.657
case_005 q3 2 ok 95618 0.635
case_005 q3 3 ok 95618 0.647
case_005 q3 4 ok 95618 0.662
case_005 q3 5 ok 95618 0.617
case_006 singlecore 1 ok 82837 0.136
case_006 q1 2 ok 46100 0.136
case_006 q1 3 ok 31153 0.13
case_006 q1 4 ok 31428 0.136
case_006 q1 5 ok 31733 0.138
case_006 q2 1 ok 82837 0.079
case_006 q2 2 ok 46100 0.076
case_006 q2 3 ok 31153 0.079
case_006 q2 4 ok 31428 0.087
case_006 q2 5 ok 31733 0.09
case_006 q3 1 ok 82837 0.095
case_006 q3 2 ok 46100 0.091
case_006 q3 3 ok 31153 0.092
case_006 q3 4 ok 31428 0.086
case_006 q3 5 ok 31733 0.089
case_007 singlecore 1 ok 1012562 3.477
case_007 q1 2 ok 507494 2.05
case_007 q1 3 ok 338094 1.411
case_007 q1 4 ok 254398 1.124
case_007 q1 5 ok 203834 0.977
case_007 q2 1 ok 1012562 0.773
case_007 q2 2 ok 507494 0.632
case_007 q2 3 ok 338094 0.612
case_007 q2 4 ok 254398 0.551
case_007 q2 5 ok 203834 0.517
case_007 q3 1 ok 1012562 0.829
case_007 q3 2 ok 507494 0.657
case_007 q3 3 ok 338094 0.607
case_007 q3 4 ok 254398 0.607
case_007 q3 5 ok 203834 0.569
case_008 singlecore 1 ok 487605 0.324
case_008 q1 2 ok 244266 0.22
case_008 q1 3 ok 163359 0.198
case_008 q1 4 ok 123060 0.18
case_008 q1 5 ok 100603 0.173
case_008 q2 1 ok 487605 0.149
case_008 q2 2 ok 244266 0.136
case_008 q2 3 ok 163359 0.137
case_008 q2 4 ok 123060 0.137
case_008 q2 5 ok 100603 0.13
case_008 q3 1 ok 487605 0.167
case_008 q3 2 ok 244266 0.175
case_008 q3 3 ok 163359 0.152
case_008 q3 4 ok 123060 0.153
case_008 q3 5 ok 100603 0.148
case_009 singlecore 1 ok 153261 5.027
case_009 q1 2 ok 92198 4.701
case_009 q1 3 ok 92207 4.556
case_009 q1 4 ok 92216 4.381
case_009 q1 5 ok 92225 4.203
case_009 q2 1 ok 153261 1.138
case_009 q2 2 ok 92198 0.937
case_009 q2 3 ok 92207 0.978
case_009 q2 4 ok 92216 1.017
case_009 q2 5 ok 92225 1.051
case_009 q3 1 ok 153261 1.224
case_009 q3 2 ok 92198 1.057
case_009 q3 3 ok 92207 1.105
case_009 q3 4 ok 92216 1.057
case_009 q3 5 ok 92225 1.081
case_010 singlecore 1 ok 86969 0.13
case_010 q1 2 ok 45272 0.129
case_010 q1 3 ok 30856 0.138
case_010 q1 4 ok 29856 0.131
case_010 q1 5 ok 31015 0.149
case_010 q2 1 ok 86969 0.104
case_010 q2 2 ok 45272 0.075
case_010 q2 3 ok 30856 0.085
case_010 q2 4 ok 29856 0.08
case_010 q2 5 ok 31015 0.083
case_010 q3 1 ok 86969 0.083
case_010 q3 2 ok 45272 0.086
case_010 q3 3 ok 30856 0.098
case_010 q3 4 ok 29856 0.089
case_010 q3 5 ok 30689 0.083
case_011 singlecore 1 ok 184697 0.152
case_011 q1 2 ok 92646 0.142
case_011 q1 3 ok 69625 0.189
case_011 q1 4 ok 46880 0.137
case_011 q1 5 ok 47287 0.182
case_011 q2 1 ok 184697 0.092
case_011 q2 2 ok 92646 0.091
case_011 q2 3 ok 69625 0.122
case_011 q2 4 ok 46880 0.107
case_011 q2 5 ok 47287 0.137
case_011 q3 1 ok 184697 0.127
case_011 q3 2 ok 92646 0.103
case_011 q3 3 ok 69625 0.133
case_011 q3 4 ok 46880 0.118
case_011 q3 5 ok 46777 0.146
case_012 singlecore 1 ok 59088 0.263
case_012 q1 2 ok 30094 0.271
case_012 q1 3 ok 21894 0.269
case_012 q1 4 ok 17236 0.269
case_012 q1 5 ok 14300 0.285
case_012 q2 1 ok 59088 0.138
case_012 q2 2 ok 30094 0.131
case_012 q2 3 ok 21894 0.13
case_012 q2 4 ok 17236 0.128
case_012 q2 5 ok 14300 0.132
case_012 q3 1 ok 59088 0.159
case_012 q3 2 ok 30094 0.137
case_012 q3 3 ok 21894 0.175
case_012 q3 4 ok 17236 0.162
case_012 q3 5 ok 14300 0.167
case_013 singlecore 1 ok 263949 1.452
case_013 q1 2 ok 132198 0.873
case_013 q1 3 ok 88351 0.62
case_013 q1 4 ok 66982 0.575
case_013 q1 5 ok 54363 0.538
case_013 q2 1 ok 263949 0.411
case_013 q2 2 ok 132198 0.35
case_013 q2 3 ok 88351 0.322
case_013 q2 4 ok 66982 0.31
case_013 q2 5 ok 54363 0.298
case_013 q3 1 ok 263949 0.413
case_013 q3 2 ok 132198 0.369
case_013 q3 3 ok 88351 0.383
case_013 q3 4 ok 66982 0.361
case_013 q3 5 ok 54363 0.348
case_014 singlecore 1 ok 17698626 628.324
case_014 q1 2 ok 8891974 1427.915
case_014 q1 3 ok 5980632 1242.386
case_014 q1 4 ok 4526660 854.698
case_014 q1 5 ok 3694640 708.443
case_014 q2 1 ok 17698626 15.219
case_014 q2 2 ok 8891974 13.007
case_014 q2 3 ok 5980632 12.316
case_014 q2 4 ok 4526660 12.279
case_014 q2 5 ok 3694640 12.435
case_014 q3 1 ok 17689602 14.591
case_014 q3 2 ok 8884664 13.971
case_014 q3 3 ok 5942997 14.281
case_014 q3 4 ok 4502666 13.254
case_014 q3 5 ok 3683390 13.025
case_015 singlecore 1 ok 177362 0.468
case_015 q1 2 ok 92411 0.429
case_015 q1 3 ok 60807 0.428
case_015 q1 4 ok 53421 0.281
case_015 q1 5 ok 43437 0.305
case_015 q2 1 ok 177362 0.127
case_015 q2 2 ok 92411 0.119
case_015 q2 3 ok 60807 0.12
case_015 q2 4 ok 53421 0.12
case_015 q2 5 ok 43437 0.123
case_015 q3 1 ok 177362 0.147
case_015 q3 2 ok 92411 0.206
case_015 q3 3 ok 60807 0.13
case_015 q3 4 ok 53395 0.132
case_015 q3 5 ok 43437 0.191
case_016 singlecore 1 ok 7715523 58.199
case_016 q1 2 ok 7715523 58.012
case_016 q1 3 ok 7715523 62.341
case_016 q1 4 ok 7715523 60.025
case_016 q1 5 ok 7715523 59.883
case_016 q2 1 ok 7715523 10.007
case_016 q2 2 ok 7715523 10.328
case_016 q2 3 ok 7715523 9.779
case_016 q2 4 ok 7715523 11.064
case_016 q2 5 ok 7715523 11.208
case_016 q3 1 ok 7715523 11.302
case_016 q3 2 ok 7715523 9.893
case_016 q3 3 ok 7715523 11.333
case_016 q3 4 ok 7715523 9.401
case_016 q3 5 ok 7715523 9.354
case_017 singlecore 1 ok 162810 0.63
case_017 q1 2 ok 87680 0.485
case_017 q1 3 ok 58579 0.68
case_017 q1 4 ok 42384 0.564
case_017 q1 5 ok 35496 0.508
case_017 q2 1 ok 162810 0.21
case_017 q2 2 ok 87680 0.236
case_017 q2 3 ok 58579 0.22
case_017 q2 4 ok 42384 0.219
case_017 q2 5 ok 35496 0.219
case_017 q3 1 ok 162810 0.231
case_017 q3 2 ok 87680 0.247
case_017 q3 3 ok 58579 0.251
case_017 q3 4 ok 42384 0.272
case_017 q3 5 ok 35496 0.258
case_018 singlecore 1 ok 1004367 2.406
case_018 q1 2 ok 502105 2.886
case_018 q1 3 ok 338272 2.836
case_018 q1 4 ok 258133 2.709
case_018 q1 5 ok 203865 2.114
case_018 q2 1 ok 1004367 0.448
case_018 q2 2 ok 502105 0.42
case_018 q2 3 ok 338272 0.436
case_018 q2 4 ok 258133 0.538
case_018 q2 5 ok 203865 0.659
case_018 q3 1 ok 1003110 0.687
case_018 q3 2 ok 501620 0.585
case_018 q3 3 ok 338089 0.715
case_018 q3 4 ok 257482 0.715
case_018 q3 5 ok 202515 0.698
case_019 singlecore 1 ok 81144 0.137
case_019 q1 2 ok 43224 0.164
case_019 q1 3 ok 29121 0.18
case_019 q1 4 ok 24099 0.173
case_019 q1 5 ok 24169 0.171
case_019 q2 1 ok 81144 0.094
case_019 q2 2 ok 43224 0.071
case_019 q2 3 ok 29121 0.073
case_019 q2 4 ok 24099 0.071
case_019 q2 5 ok 24169 0.074
case_019 q3 1 ok 81144 0.097
case_019 q3 2 ok 43224 0.071
case_019 q3 3 ok 29121 0.071
case_019 q3 4 ok 24099 0.084
case_019 q3 5 ok 24169 0.087
case_020 singlecore 1 ok 532746 9.83
case_020 q1 2 ok 266580 5.155
case_020 q1 3 ok 177950 3.904
case_020 q1 4 ok 133704 2.597
case_020 q1 5 ok 107650 2.259
case_020 q2 1 ok 532746 1.537
case_020 q2 2 ok 266580 1.601
case_020 q2 3 ok 177950 1.157
case_020 q2 4 ok 133704 1.193
case_020 q2 5 ok 107650 1.234
case_020 q3 1 ok 532746 2.138
case_020 q3 2 ok 266580 1.568
case_020 q3 3 ok 177950 1.57
case_020 q3 4 ok 133704 1.344
case_020 q3 5 ok 107650 1.254
case_021 singlecore 1 ok 6567937 5.666
case_021 q1 2 ok 3194570 2.827
case_021 q1 3 ok 2144024 5.845
case_021 q1 4 ok 1550324 1.625
case_021 q1 5 ok 1250168 5.19
case_021 q2 1 ok 6567937 0.954
case_021 q2 2 ok 3194570 0.903
case_021 q2 3 ok 2144024 1.146
case_021 q2 4 ok 1550324 0.724
case_021 q2 5 ok 1250168 1.046
case_021 q3 1 ok 6558837 1.309
case_021 q3 2 ok 3193634 0.79
case_021 q3 3 ok 2142851 1.214
case_021 q3 4 ok 1550324 0.752
case_021 q3 5 ok 1249380 0.891
case_022 singlecore 1 ok 56780 0.381
case_022 q1 2 ok 28333 0.52
case_022 q1 3 ok 19128 0.504
case_022 q1 4 ok 14654 0.484
case_022 q1 5 ok 11828 0.57
case_022 q2 1 ok 56780 0.253
case_022 q2 2 ok 28333 0.244
case_022 q2 3 ok 19128 0.191
case_022 q2 4 ok 14654 0.145
case_022 q2 5 ok 11828 0.143
case_022 q3 1 ok 56780 0.163
case_022 q3 2 ok 28333 0.162
case_022 q3 3 ok 19128 0.231
case_022 q3 4 ok 14654 0.222
case_022 q3 5 ok 11828 0.26
case_023 singlecore 1 ok 122614 0.342
case_023 q1 2 ok 61227 0.357
case_023 q1 3 ok 41662 0.248
case_023 q1 4 ok 31519 0.239
case_023 q1 5 ok 25191 0.262
case_023 q2 1 ok 122614 0.166
case_023 q2 2 ok 61227 0.169
case_023 q2 3 ok 41662 0.162
case_023 q2 4 ok 31519 0.153
case_023 q2 5 ok 25191 0.134
case_023 q3 1 ok 122614 0.115
case_023 q3 2 ok 61227 0.119
case_023 q3 3 ok 41662 0.114
case_023 q3 4 ok 31519 0.116
case_023 q3 5 ok 25191 0.154
case_024 singlecore 1 ok 2555343 6.156
case_024 q1 2 ok 2555343 6.374
case_024 q1 3 ok 2555343 6.46
case_024 q1 4 ok 2555343 6.975
case_024 q1 5 ok 2555343 6.983
case_024 q2 1 ok 2555343 1.341
case_024 q2 2 ok 2555343 1.497
case_024 q2 3 ok 2555343 1.312
case_024 q2 4 ok 2555343 1.905
case_024 q2 5 ok 2555343 1.569
case_024 q3 1 ok 2555343 1.634
case_024 q3 2 ok 2555343 1.804
case_024 q3 3 ok 2555343 1.401
case_024 q3 4 ok 2555343 1.632
case_024 q3 5 ok 2555343 1.59
case_025 singlecore 1 ok 4863026 116.761
case_025 q1 2 ok 2431840 70.795
case_025 q1 3 ok 1622164 44.009
case_025 q1 4 ok 1217444 31.911
case_025 q1 5 ok 975282 25.584
case_025 q2 1 ok 4863026 12.831
case_025 q2 2 ok 2431840 9.441
case_025 q2 3 ok 1622164 7.733
case_025 q2 4 ok 1217444 7.704
