case_016 q1 4 ok 7715523 107.65
case_016 q1 5 ok 7715523 97.546
case_016 q2 1 ok 7715523 12.005
case_016 q2 2 ok 7715523 12.144
case_016 q2 3 ok 7715523 11.914
case_016 q2 4 ok 7715523 11.999
case_016 q2 5 ok 7715523 12.126
case_016 q3 1 ok 7715523 10.987
case_016 q3 2 ok 7715523 11.194
case_016 q3 3 ok 7715523 11.107
case_016 q3 4 ok 7715523 11.101
case_016 q3 5 ok 7715523 9.432
case_017 singlecore 1 ok 162810 0.481
case_017 q1 2 ok 87680 0.475
case_017 q1 3 ok 58579 0.463
case_017 q1 4 ok 42384 0.469
case_017 q1 5 ok 35496 0.475
case_017 q2 1 ok 162810 0.215
case_017 q2 2 ok 87680 0.187
case_017 q2 3 ok 58579 0.196
case_017 q2 4 ok 42384 0.19
case_017 q2 5 ok 35496 0.206
case_017 q3 1 ok 162810 0.208
case_017 q3 2 ok 87680 0.192
case_017 q3 3 ok 58579 0.202
case_017 q3 4 ok 42384 0.209
case_017 q3 5 ok 35496 0.263
case_018 singlecore 1 ok 1004367 2.014
case_018 q1 2 ok 502105 2.169
case_018 q1 3 ok 338272 2.149
case_018 q1 4 ok 258133 1.922
case_018 q1 5 ok 203865 2.04
case_018 q2 1 ok 1004367 0.566
case_018 q2 2 ok 502105 0.522
case_018 q2 3 ok 338272 0.529
case_018 q2 4 ok 258133 0.553
case_018 q2 5 ok 203865 0.631
case_018 q3 1 ok 1003110 0.593
case_018 q3 2 ok 501620 0.575
case_018 q3 3 ok 338089 0.548
case_018 q3 4 ok 257482 0.552
case_018 q3 5 ok 202515 0.683
case_019 singlecore 1 ok 81144 0.138
case_019 q1 2 ok 43224 0.143
case_019 q1 3 ok 29121 0.137
case_019 q1 4 ok 24099 0.135
case_019 q1 5 ok 24169 0.132
case_019 q2 1 ok 81144 0.085
case_019 q2 2 ok 43224 0.082
case_019 q2 3 ok 29121 0.081
case_019 q2 4 ok 24099 0.084
case_019 q2 5 ok 24169 0.104
case_019 q3 1 ok 81144 0.09
case_019 q3 2 ok 43224 0.086
case_019 q3 3 ok 29121 0.093
case_019 q3 4 ok 24099 0.082
case_019 q3 5 ok 24169 0.082
case_020 singlecore 1 ok 532746 8.779
case_020 q1 2 ok 266580 5.036
case_020 q1 3 ok 177950 3.375
case_020 q1 4 ok 133704 2.829
case_020 q1 5 ok 107650 2.411
case_020 q2 1 ok 532746 1.877
case_020 q2 2 ok 266580 1.357
case_020 q2 3 ok 177950 1.211
case_020 q2 4 ok 133704 1.087
case_020 q2 5 ok 107650 1.103
case_020 q3 1 ok 532746 2.08
case_020 q3 2 ok 266580 1.499
case_020 q3 3 ok 177950 1.317
case_020 q3 4 ok 133704 1.29
case_020 q3 5 ok 107650 1.242
case_021 singlecore 1 ok 6567937 5.269
case_021 q1 2 ok 3194570 3.244
case_021 q1 3 ok 2144024 7.312
case_021 q1 4 ok 1550324 2.077
case_021 q1 5 ok 1250168 7.023
case_021 q2 1 ok 6567937 1.733
case_021 q2 2 ok 3194570 1.278
case_021 q2 3 ok 2144024 1.904
case_021 q2 4 ok 1550324 1.008
case_021 q2 5 ok 1250168 1.687
case_021 q3 1 ok 6558837 1.987
case_021 q3 2 ok 3193634 1.411
case_021 q3 3 ok 2142851 1.448
case_021 q3 4 ok 1550324 1.096
case_021 q3 5 ok 1249380 1.592
case_022 singlecore 1 ok 56780 0.561
case_022 q1 2 ok 28333 0.615
case_022 q1 3 ok 19128 0.602
case_022 q1 4 ok 14654 0.588
case_022 q1 5 ok 11828 0.578
case_022 q2 1 ok 56780 0.277
case_022 q2 2 ok 28333 0.262
case_022 q2 3 ok 19128 0.248
case_022 q2 4 ok 14654 0.253
case_022 q2 5 ok 11828 0.246
case_022 q3 1 ok 56780 0.288
case_022 q3 2 ok 28333 0.283
case_022 q3 3 ok 19128 0.258
case_022 q3 4 ok 14654 0.288
case_022 q3 5 ok 11828 0.286
case_023 singlecore 1 ok 122614 0.366
case_023 q1 2 ok 61227 0.304
case_023 q1 3 ok 41662 0.297
case_023 q1 4 ok 31519 0.379
case_023 q1 5 ok 25191 0.406
case_023 q2 1 ok 122614 0.19
case_023 q2 2 ok 61227 0.182
case_023 q2 3 ok 41662 0.171
case_023 q2 4 ok 31519 0.172
case_023 q2 5 ok 25191 0.2
case_023 q3 1 ok 122614 0.224
case_023 q3 2 ok 61227 0.21
case_023 q3 3 ok 41662 0.223
case_023 q3 4 ok 31519 0.215
case_023 q3 5 ok 25191 0.234
case_024 singlecore 1 ok 2555343 8.281
case_024 q1 2 ok 2555343 8.137
case_024 q1 3 ok 2555343 8.149
case_024 q1 4 ok 2555343 8.176
case_024 q1 5 ok 2555343 8.123
case_024 q2 1 ok 2555343 1.977
case_024 q2 2 ok 2555343 2.013
case_024 q2 3 ok 2555343 2.046
case_024 q2 4 ok 2555343 2.081
case_024 q2 5 ok 2555343 2.165
case_024 q3 1 ok 2555343 2.133
case_024 q3 2 ok 2555343 2.056
case_024 q3 3 ok 2555343 1.941
case_024 q3 4 ok 2555343 2.084
case_024 q3 5 ok 2555343 1.991
case_025 singlecore 1 ok 4863026 230.762
case_025 q1 2 ok 2431840 162.37
