case_058 singlecore 1 ok 4539717 279.984
case_058 q1 2 ok 2271316 254.283
case_058 q1 3 ok 1554831 63.417
case_058 q1 4 ok 1154519 207.31
case_058 q1 5 ok 1004819 37.721
case_058 q2 1 ok 4539717 12.939
case_058 q2 2 ok 2271316 9.852
case_058 q2 3 ok 1554831 7.762
case_058 q2 4 ok 1154519 7.852
case_058 q2 5 ok 1004819 6.278
case_058 q3 1 ok 4539717 12.938
case_058 q3 2 ok 2270206 9.998
case_058 q3 3 ok 1554831 8.213
case_058 q3 4 ok 1142629 8.931
case_058 q3 5 ok 1004819 7.15
case_059 singlecore 1 ok 829473 2.401
case_059 q1 2 ok 369318 1.289
case_059 q1 3 ok 266217 2.176
case_059 q1 4 ok 185216 1.02
case_059 q1 5 ok 150782 1.815
case_059 q2 1 ok 829473 0.693
case_059 q2 2 ok 369318 0.568
case_059 q2 3 ok 266217 0.706
case_059 q2 4 ok 185216 0.628
case_059 q2 5 ok 150782 0.768
case_059 q3 1 ok 815938 0.759
case_059 q3 2 ok 369318 0.668
case_059 q3 3 ok 262333 0.797
case_059 q3 4 ok 185216 0.631
case_059 q3 5 ok 150736 0.89
case_060 singlecore 1 ok 888789 9.149
case_060 q1 2 ok 469437 10.557
case_060 q1 3 ok 334622 9.407
case_060 q1 4 ok 229383 9.051
case_060 q1 5 ok 183272 9.059
case_060 q2 1 ok 888789 1.46
case_060 q2 2 ok 469437 1.417
case_060 q2 3 ok 334622 1.37
case_060 q2 4 ok 229383 1.461
case_060 q2 5 ok 183272 1.435
case_060 q3 1 ok 887801 1.483
case_060 q3 2 ok 469051 1.469
case_060 q3 3 ok 334146 1.443
case_060 q3 4 ok 228970 1.42
case_060 q3 5 ok 182846 1.546
case_061 singlecore 1 ok 77191 0.43
case_061 q1 2 ok 39299 0.388
case_061 q1 3 ok 28409 0.399
case_061 q1 4 ok 27166 0.477
case_061 q1 5 ok 22283 0.497
case_061 q2 1 ok 77191 0.192
case_061 q2 2 ok 39299 0.182
case_061 q2 3 ok 28409 0.192
case_061 q2 4 ok 27166 0.188
case_061 q2 5 ok 22283 0.199
case_061 q3 1 ok 77191 0.216
case_061 q3 2 ok 39273 0.211
case_061 q3 3 ok 28368 0.198
case_061 q3 4 ok 27166 0.209
case_061 q3 5 ok 22283 0.239
