case_001 2 0
case_001 3 0
case_001 4 0
case_002 2 0
case_002 3 0
case_002 4 0
case_003 2 0
case_003 3 0
case_004 2 0
case_004 3 0
case_004 4 0
case_003 4 0
case_005 2 0
case_005 3 0
case_005 4 0
case_006 2 0
case_006 3 0
case_006 4 0
case_007 2 0
case_007 3 0
case_008 2 0
case_007 4 0
case_008 3 0
case_008 4 0
case_009 2 0
case_009 3 0
case_010 2 0
case_010 3 0
case_009 4 0
case_010 4 0
case_011 2 0
case_011 3 0
case_011 4 0
case_012 2 0
case_012 3 0
case_012 4 0
case_013 2 0
case_013 3 0
case_013 4 0
case_014 2 0
case_014 3 0
case_015 2 0
case_015 3 0
case_015 4 0
case_016 2 0
case_014 4 0
case_016 3 0
case_017 2 0
case_017 3 0
case_017 4 0
case_016 4 0
case_018 2 0
case_018 3 0
case_018 4 0
case_019 2 0
case_019 3 0
case_019 4 0
case_020 2 0
case_020 3 0
case_021 2 0
case_020 4 0
case_021 3 0
case_021 4 0
case_022 2 0
case_022 3 0
case_022 4 0
case_023 2 0
case_023 3 0
case_023 4 0
case_024 2 0
case_024 3 0
case_024 4 0
case_025 2 0
case_025 3 0
case_026 2 0
case_026 3 0
case_026 4 0
case_027 2 0
case_025 4 0
case_027 3 0
case_027 4 0
case_028 2 0
case_028 3 0
case_029 2 0
case_029 3 0
case_029 4 0
case_028 4 0
case_030 2 0
case_030 3 0
case_030 4 0
case_031 2 0
case_031 3 0
case_032 2 0
case_031 4 0
case_032 3 0
case_032 4 0
case_033 2 0
case_033 3 0
case_033 4 0
case_034 2 0
case_034 3 0
case_034 4 0
case_035 2 0
case_035 3 0
case_035 4 0
case_036 2 0
case_036 3 0
case_036 4 0
case_037 2 0
case_037 3 0
case_037 4 0
case_038 2 0
case_038 3 0
case_038 4 0
case_039 2 0
case_039 3 0
case_039 4 0
case_040 2 0
case_040 3 0
case_040 4 0
case_041 2 0
case_041 3 0
case_042 2 0
case_042 3 0
case_041 4 0
case_042 4 0
case_043 2 0
case_043 3 0
case_044 2 0
case_044 3 0
case_043 4 0
case_044 4 0
case_045 2 0
case_045 3 0
case_045 4 0
case_046 2 0
case_046 3 0
case_046 4 0
case_047 2 0
case_047 3 0
case_048 2 0
case_048 3 0
case_047 4 0
case_048 4 0
case_049 2 0
case_049 3 0
case_049 4 0
case_050 2 0
case_050 3 0
case_050 4 0
case_051 2 0
case_051 3 0
case_051 4 0
case_052 2 0
case_052 3 0
case_052 4 0
case_053 2 0
case_053 3 0
case_053 4 0
case_054 2 0
case_054 3 0
case_054 4 0
case_055 2 0
case_055 3 0
case_055 4 0
case_056 2 0
case_056 3 0
case_057 2 0
case_057 3 0
case_056 4 0
case_057 4 0
case_058 2 0
case_058 3 0
case_059 2 0
case_059 3 0
case_059 4 0
case_058 4 0
case_060 2 0
case_060 3 0
case_060 4 0
case_061 2 0
case_061 3 0
case_061 4 0
case_062 2 0
case_062 3 0
case_063 2 0
case_063 3 0
case_062 4 0
case_064 2 0
case_063 4 0
case_064 3 0
case_064 4 0
case_065 2 0
case_065 3 0
case_065 4 0
case_066 2 0
case_066 3 0
case_066 4 0
case_067 2 0
case_067 3 0
case_067 4 0
case_068 2 0
case_068 3 0
case_069 2 0
case_068 4 0
case_069 3 0
case_069 4 0
case_070 2 0
case_070 3 0
case_071 2 0
case_070 4 0
case_071 3 0
case_071 4 0
case_072 2 0
case_072 3 0
case_073 2 0
case_073 3 0
case_073 4 0
case_074 2 0
case_074 3 0
case_072 4 0
case_074 4 0
case_075 2 0
case_075 3 0
case_075 4 0
case_076 2 0
case_076 3 0
case_077 2 0
case_077 3 0
case_077 4 0
case_078 2 0
case_078 3 0
case_078 4 0
case_076 4 0
case_079 2 0
case_079 3 0
case_080 2 0
case_080 3 0
case_080 4 0
case_081 2 0
case_079 4 0
case_081 3 0
case_081 4 0
case_082 2 0
case_082 3 0
case_082 4 0
case_083 2 0
case_083 3 0
case_083 4 0
case_084 2 0
case_084 3 0
case_084 4 0
case_085 2 0
case_085 3 0
case_086 2 0
case_085 4 0
case_086 3 0
case_086 4 0
case_087 2 0
case_087 3 0
case_088 2 0
case_088 3 0
case_088 4 0
case_089 2 0
case_087 4 0
case_089 3 0
case_089 4 0
case_090 2 0
case_090 3 0
case_090 4 0
case_091 2 0
case_091 3 0
case_092 2 0
case_092 3 0
case_091 4 0
case_093 2 0
case_093 3 0
case_093 4 0
case_094 2 0
case_094 3 0
case_094 4 0
case_092 4 0
case_095 2 0
case_095 3 0
case_096 2 0
case_095 4 0
case_096 3 0
case_096 4 0
case_097 2 0
case_097 3 0
case_098 2 0
case_097 4 0
case_098 3 0
case_098 4 0
case_099 2 0
case_099 3 0
case_100 2 0
case_099 4 0
case_100 3 0
case_100 4 0
