case_002 singlecore 1 ok 261945 0.631
case_002 q1 2 ok 261945 0.621
case_002 q1 3 ok 261945 0.632
case_002 q1 4 ok 261945 0.625
case_002 q1 5 ok 261945 0.633
case_002 q2 1 ok 261945 0.239
case_002 q2 2 ok 261945 0.245
case_002 q2 3 ok 261945 0.253
case_002 q2 4 ok 261945 0.254
case_002 q2 5 ok 261945 0.259
case_002 q3 1 ok 261945 0.277
case_002 q3 2 ok 261945 0.291
case_002 q3 3 ok 261945 0.279
case_002 q3 4 ok 261945 0.264
case_002 q3 5 ok 261945 0.281
case_003 singlecore 1 ok 602212 26.058
case_003 q1 2 ok 538381 25.325
case_003 q1 3 ok 538764 25.358
case_003 q1 4 ok 539155 24.895
case_003 q1 5 ok 539607 24.947
case_003 q2 1 ok 602212 3.936
case_003 q2 2 ok 538381 3.803
case_003 q2 3 ok 538764 3.805
case_003 q2 4 ok 539155 3.835
case_003 q2 5 ok 539607 3.871
case_003 q3 1 ok 602212 3.9
case_003 q3 2 ok 538381 3.814
case_003 q3 3 ok 538764 3.818
case_003 q3 4 ok 539155 3.904
case_003 q3 5 ok 539607 3.851
case_004 singlecore 1 ok 392357 0.168
case_004 q1 2 ok 199074 0.129
case_004 q1 3 ok 134043 0.122
case_004 q1 4 ok 104188 0.107
case_004 q1 5 ok 88341 0.103
case_004 q2 1 ok 392357 0.099
case_004 q2 2 ok 199074 0.09
case_004 q2 3 ok 134043 0.091
case_004 q2 4 ok 104188 0.089
case_004 q2 5 ok 88341 0.089
case_004 q3 1 ok 392357 0.114
case_004 q3 2 ok 199074 0.095
case_004 q3 3 ok 134043 0.097
case_004 q3 4 ok 104188 0.103
case_004 q3 5 ok 88341 0.097
case_005 singlecore 1 ok 95618 2.344
case_005 q1 2 ok 95618 2.378
case_005 q1 3 ok 95618 2.416
case_005 q1 4 ok 95618 2.505
case_005 q1 5 ok 95618 2.413
case_005 q2 1 ok 95618 0.586
case_005 q2 2 ok 95618 0.591
case_005 q2 3 ok 95618 0.61
case_005 q2 4 ok 95618 0.678
case_005 q2 5 ok 95618 0.665
case_005 q3 1 ok 95618 0.657
case_005 q3 2 ok 95618 0.635
case_005 q3 3 ok 95618 0.647
case_005 q3 4 ok 95618 0.662
case_005 q3 5 ok 95618 0.617
case_006 singlecore 1 ok 82837 0.136
case_006 q1 2 ok 46100 0.136
case_006 q1 3 ok 31153 0.13
case_006 q1 4 ok 31428 0.136
case_006 q1 5 ok 31733 0.138
case_006 q2 1 ok 82837 0.079
case_006 q2 2 ok 46100 0.076
case_006 q2 3 ok 31153 0.079
case_006 q2 4 ok 31428 0.087
case_006 q2 5 ok 31733 0.09
case_006 q3 1 ok 82837 0.095
case_006 q3 2 ok 46100 0.091
case_006 q3 3 ok 31153 0.092
case_006 q3 4 ok 31428 0.086
case_006 q3 5 ok 31733 0.089
case_007 singlecore 1 ok 1012562 3.477
case_007 q1 2 ok 507494 2.05
case_007 q1 3 ok 338094 1.411
case_007 q1 4 ok 254398 1.124
case_007 q1 5 ok 203834 0.977
case_007 q2 1 ok 1012562 0.773
case_007 q2 2 ok 507494 0.632
case_007 q2 3 ok 338094 0.612
case_007 q2 4 ok 254398 0.551
case_007 q2 5 ok 203834 0.517
case_007 q3 1 ok 1012562 0.829
case_007 q3 2 ok 507494 0.657
case_007 q3 3 ok 338094 0.607
case_007 q3 4 ok 254398 0.607
case_007 q3 5 ok 203834 0.569
case_008 singlecore 1 ok 487605 0.324
case_008 q1 2 ok 244266 0.22
case_008 q1 3 ok 163359 0.198
case_008 q1 4 ok 123060 0.18
case_008 q1 5 ok 100603 0.173
case_008 q2 1 ok 487605 0.149
case_008 q2 2 ok 244266 0.136
case_008 q2 3 ok 163359 0.137
case_008 q2 4 ok 123060 0.137
case_008 q2 5 ok 100603 0.13
case_008 q3 1 ok 487605 0.167
case_008 q3 2 ok 244266 0.175
case_008 q3 3 ok 163359 0.152
case_008 q3 4 ok 123060 0.153
case_008 q3 5 ok 100603 0.148
case_009 singlecore 1 ok 153261 5.027
case_009 q1 2 ok 92198 4.701
case_009 q1 3 ok 92207 4.556
case_009 q1 4 ok 92216 4.381
case_009 q1 5 ok 92225 4.203
case_009 q2 1 ok 153261 1.138
case_009 q2 2 ok 92198 0.937
case_009 q2 3 ok 92207 0.978
case_009 q2 4 ok 92216 1.017
case_009 q2 5 ok 92225 1.051
case_009 q3 1 ok 153261 1.224
case_009 q3 2 ok 92198 1.057
case_009 q3 3 ok 92207 1.105
case_009 q3 4 ok 92216 1.057
case_009 q3 5 ok 92225 1.081
case_010 singlecore 1 ok 86969 0.13
case_010 q1 2 ok 45272 0.129
case_010 q1 3 ok 30856 0.138
case_010 q1 4 ok 29856 0.131
case_010 q1 5 ok 31015 0.149
case_010 q2 1 ok 86969 0.104
case_010 q2 2 ok 45272 0.075
case_010 q2 3 ok 30856 0.085
case_010 q2 4 ok 29856 0.08
case_010 q2 5 ok 31015 0.083
case_010 q3 1 ok 86969 0.083
case_010 q3 2 ok 45272 0.086
case_010 q3 3 ok 30856 0.098
case_010 q3 4 ok 29856 0.089
case_010 q3 5 ok 30689 0.083
case_011 singlecore 1 ok 184697 0.152
case_011 q1 2 ok 92646 0.142
case_011 q1 3 ok 69625 0.189
case_011 q1 4 ok 46880 0.137
case_011 q1 5 ok 47287 0.182
case_011 q2 1 ok 184697 0.092
case_011 q2 2 ok 92646 0.091
case_011 q2 3 ok 69625 0.122
case_011 q2 4 ok 46880 0.107
case_011 q2 5 ok 47287 0.137
case_011 q3 1 ok 184697 0.127
case_011 q3 2 ok 92646 0.103
case_011 q3 3 ok 69625 0.133
case_011 q3 4 ok 46880 0.118
case_011 q3 5 ok 46777 0.146
case_012 singlecore 1 ok 59088 0.263
case_012 q1 2 ok 30094 0.271
case_012 q1 3 ok 21894 0.269
case_012 q1 4 ok 17236 0.269
case_012 q1 5 ok 14300 0.285
case_012 q2 1 ok 59088 0.138
case_012 q2 2 ok 30094 0.131
case_012 q2 3 ok 21894 0.13
case_012 q2 4 ok 17236 0.128
case_012 q2 5 ok 14300 0.132
case_012 q3 1 ok 59088 0.159
case_012 q3 2 ok 30094 0.137
case_012 q3 3 ok 21894 0.175
case_012 q3 4 ok 17236 0.162
case_012 q3 5 ok 14300 0.167
case_013 singlecore 1 ok 263949 1.452
case_013 q1 2 ok 132198 0.873
case_013 q1 3 ok 88351 0.62
case_013 q1 4 ok 66982 0.575
case_013 q1 5 ok 54363 0.538
case_013 q2 1 ok 263949 0.411
case_013 q2 2 ok 132198 0.35
case_013 q2 3 ok 88351 0.322
case_013 q2 4 ok 66982 0.31
case_013 q2 5 ok 54363 0.298
case_013 q3 1 ok 263949 0.413
case_013 q3 2 ok 132198 0.369
case_013 q3 3 ok 88351 0.383
case_013 q3 4 ok 66982 0.361
case_013 q3 5 ok 54363 0.348
case_014 singlecore 1 ok 17698626 628.324
